---
http_interactions:
- request:
    method: post
    uri: http://ws.detectlanguage.com/0.2/detect
    body:
      encoding: US-ASCII
      string: q=Fixed+note+title+Author+2001&key=<DETECT_LANGUAGE_API_KEY>
    headers:
      Accept-Encoding:
      - gzip;q=1.0,deflate;q=0.6,identity;q=0.3
      Accept:
      - '*/*'
      User-Agent:
      - Detect Language API ruby gem
      - Ruby
      Content-Type:
      - application/x-www-form-urlencoded
  response:
    status:
      code: 200
      message: OK
    headers:
      Server:
      - nginx/0.7.65
      Date:
      - Thu, 08 Aug 2013 15:51:16 GMT
      Content-Type:
      - application/json
      Connection:
      - keep-alive
      Content-Length:
      - '150'
    body:
      encoding: UTF-8
      string: '{"data":{"detections":[{"language":"en","isReliable":false,"confidence":0.23500810372771475},{"language":"xxx","isReliable":false,"confidence":0.2}]}}'
    http_version: 
  recorded_at: Thu, 08 Aug 2013 15:51:15 GMT
- request:
    method: post
    uri: http://ws.detectlanguage.com/0.2/detect
    body:
      encoding: US-ASCII
      string: q=Fixed+note+title+Fixed+note+content+used+to+prevent+multiple+calls+to+VCR.&key=<DETECT_LANGUAGE_API_KEY>
    headers:
      Accept-Encoding:
      - gzip;q=1.0,deflate;q=0.6,identity;q=0.3
      Accept:
      - '*/*'
      User-Agent:
      - Detect Language API ruby gem
      - Ruby
      Content-Type:
      - application/x-www-form-urlencoded
  response:
    status:
      code: 200
      message: OK
    headers:
      Server:
      - nginx/0.7.65
      Date:
      - Thu, 08 Aug 2013 15:51:17 GMT
      Content-Type:
      - application/json
      Connection:
      - keep-alive
      Content-Length:
      - '93'
    body:
      encoding: UTF-8
      string: '{"data":{"detections":[{"language":"en","isReliable":true,"confidence":0.7050243111831442}]}}'
    http_version: 
  recorded_at: Thu, 08 Aug 2013 15:51:16 GMT
- request:
    method: post
    uri: http://ws.detectlanguage.com/0.2/detect
    body:
      encoding: US-ASCII
      string: q=Fixed+note+title+Fixed+note+content+used+to+prevent+multiple+calls+to+VCR.&key=<DETECT_LANGUAGE_API_KEY>
    headers:
      Accept-Encoding:
      - gzip;q=1.0,deflate;q=0.6,identity;q=0.3
      Accept:
      - '*/*'
      User-Agent:
      - Detect Language API ruby gem
      - Ruby
      Content-Type:
      - application/x-www-form-urlencoded
  response:
    status:
      code: 200
      message: OK
    headers:
      Server:
      - nginx/0.7.65
      Date:
      - Thu, 08 Aug 2013 15:51:18 GMT
      Content-Type:
      - application/json
      Connection:
      - keep-alive
      Content-Length:
      - '93'
    body:
      encoding: UTF-8
      string: '{"data":{"detections":[{"language":"en","isReliable":true,"confidence":0.7050243111831442}]}}'
    http_version: 
  recorded_at: Thu, 08 Aug 2013 15:51:17 GMT
- request:
    method: post
    uri: http://ws.detectlanguage.com/0.2/detect
    body:
      encoding: US-ASCII
      string: q=New+Title+Fixed+note+content+used+to+prevent+multiple+calls+to+VCR.&key=<DETECT_LANGUAGE_API_KEY>
    headers:
      Accept-Encoding:
      - gzip;q=1.0,deflate;q=0.6,identity;q=0.3
      Accept:
      - '*/*'
      User-Agent:
      - Detect Language API ruby gem
      - Ruby
      Content-Type:
      - application/x-www-form-urlencoded
  response:
    status:
      code: 200
      message: OK
    headers:
      Server:
      - nginx/0.7.65
      Date:
      - Thu, 08 Aug 2013 15:51:18 GMT
      Content-Type:
      - application/json
      Connection:
      - keep-alive
      Content-Length:
      - '93'
    body:
      encoding: UTF-8
      string: '{"data":{"detections":[{"language":"en","isReliable":true,"confidence":0.5429497568881686}]}}'
    http_version: 
  recorded_at: Thu, 08 Aug 2013 15:51:18 GMT
- request:
    method: post
    uri: http://ws.detectlanguage.com/0.2/detect
    body:
      encoding: US-ASCII
      string: q=Newer+Title+Fixed+note+content+used+to+prevent+multiple+calls+to+VCR.&key=<DETECT_LANGUAGE_API_KEY>
    headers:
      Accept-Encoding:
      - gzip;q=1.0,deflate;q=0.6,identity;q=0.3
      Accept:
      - '*/*'
      User-Agent:
      - Detect Language API ruby gem
      - Ruby
      Content-Type:
      - application/x-www-form-urlencoded
  response:
    status:
      code: 200
      message: OK
    headers:
      Server:
      - nginx/0.7.65
      Date:
      - Thu, 08 Aug 2013 15:51:19 GMT
      Content-Type:
      - application/json
      Connection:
      - keep-alive
      Content-Length:
      - '93'
    body:
      encoding: UTF-8
      string: '{"data":{"detections":[{"language":"en","isReliable":true,"confidence":0.5753646677471637}]}}'
    http_version: 
  recorded_at: Thu, 08 Aug 2013 15:51:18 GMT
- request:
    method: post
    uri: http://ws.detectlanguage.com/0.2/detect
    body:
      encoding: US-ASCII
      string: q=Fixed+note+title+Fixed+note+content+used+to+prevent+multiple+calls+to+VCR.&key=<DETECT_LANGUAGE_KEY>
    headers:
      Accept-Encoding:
      - gzip;q=1.0,deflate;q=0.6,identity;q=0.3
      Accept:
      - '*/*'
      User-Agent:
      - Detect Language API ruby gem
      - Ruby
      Content-Type:
      - application/x-www-form-urlencoded
  response:
    status:
      code: 200
      message: OK
    headers:
      Server:
      - nginx/0.7.65
      Date:
      - Thu, 05 Dec 2013 19:15:48 GMT
      Content-Type:
      - application/json
      Connection:
      - keep-alive
      Content-Length:
      - '80'
    body:
      encoding: UTF-8
      string: '{"data":{"detections":[{"language":"en","isReliable":true,"confidence":12.59}]}}'
    http_version: 
  recorded_at: Thu, 05 Dec 2013 19:15:48 GMT
recorded_with: VCR 2.8.0
